// Jest Snapshot v1, https://goo.gl/fbAQLP

exports[`Display Home.js renders correctly 1`] = `
<button
  onClick={[Function]}
  style={
    Object {
      "backgroundColor": "#F5913E",
      "width": "25%",
    }
  }
  type="button"
>
  AC
</button>
`;
