// Jest Snapshot v1, https://goo.gl/fbAQLP

exports[`Display Home page renders correctly 1`] = `
<div
  className="bg-image3"
>
  <div
    className="div-center mt-2"
  >
    <h1>
      Welcome to my website
    </h1>
    <p>
       
      In this page you can make some math calculations. This calculator project has the basic operations like sum, multiplication or change the sign of the number.
    </p>
  </div>
</div>
`;
