// Jest Snapshot v1, https://goo.gl/fbAQLP

exports[`Display Quote page renders correctly 1`] = `
<div
  className="bg-image2"
>
  <div
    className="div-center"
  >
    <h1>
      Quote
    </h1>
    <p>
       
      Mathematics is not about numbers, equations, computations, or algorithms: it is about understanding. â€“William Paul Thurston
    </p>
  </div>
</div>
`;
